 # <fortpy version="1" template="integer"></fortpy>
           1
           1
           1
           1
           1
           1
           1
           1
           1
           1
           1
           1
           1
           1
           1
           1
           1
           1
           1
           2
           2
           1
           1
           1
           1
           1
           1
           1
           1
           1
           2
           1
           2
           1
           1
           1
           1
           1
           1
           1
           1
           1
           1
           1
           1
           1
           1
           1
           1
           1
           1
           1
           1
           1
           2
           2
           7
           1
           3
           1
           1
           1
           1
           1
           2
           1
           1
           1
           1
           1
           1
           1
           1
           3
           5
           1
           1
           1
           1
           1
           2
           1
           1
           1
           1
           1
           1
           1
           4
           1
           1
           1
           1
           1
           1
           1
           1
           2
           1
           1
