   6.0000000
 120.0000000
  24.0000000
 720.0000000
 720.0000000
 120.0000000
   2.0000000
 720.0000000
   2.0000000
5040.0000000
   6.0000000
   6.0000000
  24.0000000
 120.0000000
 120.0000000
