 # <fortpy version="1" template="integer"></fortpy>
           6
    39916800
       40320
         120
          24
  1932053504
         720
         720
         120
  2004310016
  -288522240
           2
  1278945280
  -898433024
  2004310016
  1278945280
   109641728
     3628800
  -898433024
         720
  2004189184
    39916800
  2004310016
   479001600
  -898433024
  1932053504
    39916800
  2004189184
      362880
   479001600
           2
   479001600
        5040
   479001600
           6
           6
      362880
          24
  -288522240
  2004189184
         120
         120
   479001600
       40320
    39916800
  2004310016
      362880
     3628800
  2004310016
  -898433024
